ðŸ“‹ Recent focus sessions (last 20):

4,2025-01-28T16:00:00-03:00,2025-01-28T17:00:00-03:00,test-project-3,,
3,2025-01-28T14:00:00-03:00,2025-01-28T15:30:00-03:00,test-project-2,,
2,2025-01-28T10:00:00-03:00,2025-01-28T11:00:00-03:00,test-project-1,,
1,2025-09-28T12:00:00-03:00,2025-09-28T13:00:00-03:00,test2,,