start_time,end_time
2025-09-28 00:00:00,2025-09-28 23:59:59

total_duration_seconds,total_sessions,active_projects
,,

project,start_time,end_time,duration_seconds,notes,duration_only,session_date
